// Jest Snapshot v1, https://goo.gl/fbAQLP

exports[`AnimatedDotIndicator renders correctly with default props 1`] = `
<View
  style={
    {
      "alignItems": "center",
      "flexDirection": "row",
    }
  }
>
  <View
    collapsable={false}
    style={
      {
        "backgroundColor": "#1B3380",
        "borderRadius": 5,
        "height": 10,
        "marginHorizontal": 5,
        "transform": [
          {
            "scale": 0.5,
          },
        ],
        "width": 10,
      }
    }
  />
  <View
    collapsable={false}
    style={
      {
        "backgroundColor": "#1B3380",
        "borderRadius": 5,
        "height": 10,
        "marginHorizontal": 5,
        "transform": [
          {
            "scale": 0.5,
          },
        ],
        "width": 10,
      }
    }
  />
  <View
    collapsable={false}
    style={
      {
        "backgroundColor": "#1B3380",
        "borderRadius": 5,
        "height": 10,
        "marginHorizontal": 5,
        "transform": [
          {
            "scale": 0.5,
          },
        ],
        "width": 10,
      }
    }
  />
</View>
`;
