// Jest Snapshot v1, https://goo.gl/fbAQLP

exports[`renders correctly 1`] = `
<View
  style={
    [
      undefined,
      {
        "paddingVertical": 0,
      },
    ]
  }
  testID="text-field-container"
>
  <View
    style={
      [
        {
          "backgroundColor": "rgb(231, 231, 231)",
          "borderTopLeftRadius": 4,
          "borderTopRightRadius": 4,
        },
        {
          "backgroundColor": "transparent",
          "color": "#545E6B",
          "fontFamily": "FiraSans-Regular",
        },
      ]
    }
  >
    <View
      collapsable={false}
      style={
        [
          {
            "bottom": 0,
            "height": 2,
            "left": 0,
            "position": "absolute",
            "right": 0,
            "zIndex": 1,
          },
          {
            "backgroundColor": "#545E6B",
            "transform": [
              {
                "scaleY": 0.5,
              },
            ],
          },
        ]
      }
    />
    <View
      style={
        [
          {
            "paddingBottom": 0,
            "paddingTop": 0,
          },
          {
            "minHeight": 64,
          },
        ]
      }
    >
      <TextInput
        accessibilityLabel="text-field"
        autoCapitalize="none"
        autoCorrect={false}
        editable={true}
        keyboardType="default"
        maxFontSizeMultiplier={1.5}
        multiline={false}
        onBlur={[Function]}
        onChangeText={[Function]}
        onEndEditing={[Function]}
        onFocus={[Function]}
        onSubmitEditing={[Function]}
        placeholderTextColor="#9B9B9B"
        returnKeyType="next"
        secureTextEntry={false}
        selectionColor="#1b87e6"
        style={
          [
            {
              "flexGrow": 1,
              "margin": 0,
            },
            {
              "paddingLeft": 12,
              "paddingRight": 12,
            },
            {
              "height": 64,
            },
            {
              "paddingBottom": 0,
              "paddingTop": 0,
            },
            {
              "color": "#545E6B",
              "fontFamily": "System",
              "fontSize": 15,
              "fontVariant": undefined,
              "fontWeight": undefined,
              "textAlign": "left",
              "textAlignVertical": "center",
            },
            false,
            [
              {},
            ],
          ]
        }
        testID="text-field"
        textColor="#545E6B"
        underlineColorAndroid="transparent"
        value=""
      />
    </View>
  </View>
  <View />
</View>
`;
